env: load .env
env: export EXPO_PUBLIC_FIREBASE_API_KEY EXPO_PUBLIC_FIREBASE_AUTH_DOMAIN EXPO_PUBLIC_FIREBASE_PROJECT_ID EXPO_PUBLIC_FIREBASE_STORAGE_BUCKET EXPO_PUBLIC_FIREBASE_MESSAGING_SENDER_ID EXPO_PUBLIC_FIREBASE_APP_ID EXPO_PUBLIC_FIREBASE_MEASUREMENT_ID EXPO_PUBLIC_GEMINI_API_KEY EXPO_PUBLIC_GOOGLE_WEB_CLIENT_ID
› Skipping dev server
Unexpected devicectl JSON version output from devicectl. Connecting to physical Apple devices may not work as expected.
› Using --device 00008120-0001093E1490C01E
Starting Metro Bundler
warning: Bundler cache is empty, rebuilding (this may take a minute)
iOS ./index.ts ░░░░░░░░░░░░░░░░  0.0% (0/1)
iOS ./index.ts ▓▓▓▓░░░░░░░░░░░░ 25.3% (262/521)
iOS ./index.ts ▓▓▓▓▓▓▓▓▓▓░░░░░░ 63.5% ( 769/1000)
iOS ./index.ts ▓▓▓▓▓▓▓▓▓▓▓▓▓▓░░ 89.0% (1596/1692)
iOS Bundled 11129ms index.ts (1725 modules)
Writing bundle output to: /var/folders/v2/lnb8x7lx1bs5ztnzhxwr4nyc0000gn/T/yylbiyqga3/main.jsbundle
Copying 38 asset files
Done writing bundle output
› Auto signing app using team(s): 56Q4PHKXUA
› Planning build
    Run script build phase '[CP-User] [Hermes] Replace Hermes for the right configuration, if needed' will be run during every build because it does not specify any outputs. To address this issue, either add output dependencies to the script phase, or configure it to run in every build by unchecking "Based on dependency analysis" in the script phase. (in target 'hermes-engine' from project 'Pods')
› Executing react-native Pods/hermes-engine » [CP-User] [Hermes] Replace Hermes for the right configuration, if needed
› Preparing Pods/GTMAppAuth-GTMAppAuth_Privacy » ResourceBundle-GTMAppAuth_Privacy-GTMAppAuth-Info.plist
› Preparing Pods/ExpoMediaLibrary-ExpoMediaLibrary_privacy » ResourceBundle-ExpoMediaLibrary_privacy-ExpoMediaLibrary-Info.plist
› Preparing Pods/FirebaseCoreInternal-FirebaseCoreInternal_Privacy » ResourceBundle-FirebaseCoreInternal_Privacy-FirebaseCoreInternal-Info.plist
› Preparing Pods/ExpoFileSystem-ExpoFileSystem_privacy » ResourceBundle-ExpoFileSystem_privacy-ExpoFileSystem-Info.plist
› Preparing Pods/EXNotifications-ExpoNotifications_privacy » ResourceBundle-ExpoNotifications_privacy-EXNotifications-Info.plist
› Preparing expo-dev-menu-interface Pods/expo-dev-menu-interface » expo-dev-menu-interface-Info.plist
› Preparing Pods/EXApplication-ExpoApplication_privacy » ResourceBundle-ExpoApplication_privacy-EXApplication-Info.plist
› Preparing Pods/boost-boost_privacy » ResourceBundle-boost_privacy-boost-Info.plist
› Preparing Pods/SDWebImage-SDWebImage » ResourceBundle-SDWebImage-SDWebImage-Info.plist
› Preparing Pods/PromisesObjC-FBLPromises_Privacy » ResourceBundle-FBLPromises_Privacy-PromisesObjC-Info.plist
› Preparing Pods/GoogleUtilities-GoogleUtilities_Privacy » ResourceBundle-GoogleUtilities_Privacy-GoogleUtilities-Info.plist
› Preparing @react-native-google-signin/google-signin Pods/GoogleSignIn-GoogleSignIn » ResourceBundle-GoogleSignIn-GoogleSignIn-Info.plist
› Preparing Pods/GTMSessionFetcher-GTMSessionFetcher_Core_Privacy » ResourceBundle-GTMSessionFetcher_Core_Privacy-GTMSessionFetcher-Info.plist
› Preparing Pods/FirebaseRemoteConfig-FirebaseRemoteConfig_Privacy » ResourceBundle-FirebaseRemoteConfig_Privacy-FirebaseRemoteConfig-Info.plist
› Preparing Pods/FirebaseInstallations-FirebaseInstallations_Privacy » ResourceBundle-FirebaseInstallations_Privacy-FirebaseInstallations-Info.plist
› Preparing Pods/FirebaseCore-FirebaseCore_Privacy » ResourceBundle-FirebaseCore_Privacy-FirebaseCore-Info.plist
› Preparing Pods/FirebaseABTesting-FirebaseABTesting_Privacy » ResourceBundle-FirebaseABTesting_Privacy-FirebaseABTesting-Info.plist
› Preparing Pods/AppAuth-AppAuthCore_Privacy » ResourceBundle-AppAuthCore_Privacy-AppAuth-Info.plist
› Preparing Pods/glog-glog_privacy » ResourceBundle-glog_privacy-glog-Info.plist
› Preparing Pods/expo-dev-menu-EXDevMenu » ResourceBundle-EXDevMenu-expo-dev-menu-Info.plist
› Preparing expo-constants Pods/EXConstants-EXConstants » ResourceBundle-EXConstants-EXConstants-Info.plist
› Preparing Pods/expo-dev-launcher-EXDevLauncher » ResourceBundle-EXDevLauncher-expo-dev-launcher-Info.plist
› Preparing Pods/React-cxxreact-React-cxxreact_privacy » ResourceBundle-React-cxxreact_privacy-React-cxxreact-Info.plist
› Preparing Pods/RNSVG-RNSVGFilters » ResourceBundle-RNSVGFilters-RNSVG-Info.plist
› Preparing Pods/React-Core-React-Core_privacy » ResourceBundle-React-Core_privacy-React-Core-Info.plist
› Preparing Pods/RNCAsyncStorage-RNCAsyncStorage_resources » ResourceBundle-RNCAsyncStorage_resources-RNCAsyncStorage-Info.plist
› Preparing expo-image-manipulator Pods/libwebp » libwebp-Info.plist
› Preparing Pods/ZXingObjC » ZXingObjC-Info.plist
› Executing react-native Pods/fmt » Create Symlinks to Header Folders
› Executing react-native Pods/Yoga » Create Symlinks to Header Folders
› Executing react-native Pods/React-rendererconsistency » Create Symlinks to Header Folders
› Executing react-native Pods/React-debug » Create Symlinks to Header Folders
› Preparing unimodules-app-loader Pods/UMAppLoader » UMAppLoader-Info.plist
› Preparing react-native Pods/SocketRocket » SocketRocket-Info.plist
› Preparing Pods/SDWebImage » SDWebImage-Info.plist
› Preparing react-native Pods/React-oscompat » React-oscompat-Info.plist
› Preparing react-native Pods/RCTDeprecation » RCTDeprecation-Info.plist
› Preparing Pods/RCT-Folly-RCT-Folly_privacy » ResourceBundle-RCT-Folly_privacy-RCT-Folly-Info.plist
› Preparing @react-native-google-signin/google-signin Pods/PromisesObjC » PromisesObjC-Info.plist
› Preparing Pods/GoogleUtilities » GoogleUtilities-Info.plist
› Preparing Pods/GTMSessionFetcher » GTMSessionFetcher-Info.plist
› Preparing @react-native-firebase/remote-config Pods/FirebaseSharedSwift » FirebaseSharedSwift-Info.plist
› Preparing @react-native-firebase/remote-config Pods/FirebaseRemoteConfigInterop » FirebaseRemoteConfigInterop-Info.plist
› Preparing Pods/EXTaskManager-ExpoTaskManager_privacy » ResourceBundle-ExpoTaskManager_privacy-EXTaskManager-Info.plist
› Preparing expo-json-utils Pods/EXJSONUtils » EXJSONUtils-Info.plist
› Preparing Pods/EXConstants-ExpoConstants_privacy » ResourceBundle-ExpoConstants_privacy-EXConstants-Info.plist
› Preparing react-native Pods/DoubleConversion » DoubleConversion-Info.plist
› Preparing react-native Pods/glog » glog-Info.plist
› Preparing @react-native-google-signin/google-signin Pods/AppAuth » AppAuth-Info.plist
› Preparing react-native Pods/React-rendererconsistency » React-rendererconsistency-Info.plist
› Preparing expo-image-manipulator Pods/SDWebImageWebPCoder » SDWebImageWebPCoder-Info.plist
› Preparing react-native Pods/Yoga » Yoga-Info.plist
› Preparing @react-native-firebase/remote-config Pods/FirebaseCoreInternal » FirebaseCoreInternal-Info.plist
› Preparing react-native Pods/fmt » fmt-Info.plist
› Preparing react-native Pods/React-debug » React-debug-Info.plist
› Preparing @react-native-google-signin/google-signin Pods/AppCheckCore » AppCheckCore-Info.plist
› Preparing react-native Pods/React-logger » React-logger-Info.plist
› Preparing @react-native-google-signin/google-signin Pods/GTMAppAuth » GTMAppAuth-Info.plist
    Run script build phase 'Create Symlinks to Header Folders' will be run during every build because it does not specify any outputs. To address this issue, either add output dependencies to the script phase, or configure it to run in every build by unchecking "Based on dependency analysis" in the script phase. (in target 'RCT-Folly' from project 'Pods')
› Executing react-native Pods/RCT-Folly » Create Symlinks to Header Folders
    Run script build phase 'Create Symlinks to Header Folders' will be run during every build because it does not specify any outputs. To address this issue, either add output dependencies to the script phase, or configure it to run in every build by unchecking "Based on dependency analysis" in the script phase. (in target 'React-Mapbuffer' from project 'Pods')
› Executing react-native Pods/React-Mapbuffer » Create Symlinks to Header Folders
› Preparing @react-native-google-signin/google-signin Pods/GoogleSignIn » GoogleSignIn-Info.plist
› Preparing @react-native-firebase/remote-config Pods/FirebaseCore » FirebaseCore-Info.plist
› Preparing react-native Pods/RCT-Folly » RCT-Folly-Info.plist
› Preparing @react-native-firebase/remote-config Pods/FirebaseABTesting » FirebaseABTesting-Info.plist
› Preparing @react-native-firebase/remote-config Pods/FirebaseInstallations » FirebaseInstallations-Info.plist
    Run script build phase 'Create Symlinks to Header Folders' will be run during every build because it does not specify any outputs. To address this issue, either add output dependencies to the script phase, or configure it to run in every build by unchecking "Based on dependency analysis" in the script phase. (in target 'React-rendererdebug' from project 'Pods')
› Executing react-native Pods/React-rendererdebug » Create Symlinks to Header Folders
› Executing react-native Pods/React-jsinspectortracing » Create Symlinks to Header Folders
› Executing react-native Pods/React-featureflags » Create Symlinks to Header Folders
› Preparing react-native Pods/React-perflogger » React-perflogger-Info.plist
› Preparing react-native Pods/React-jsi » React-jsi-Info.plist
› Preparing react-native Pods/React-Mapbuffer » React-Mapbuffer-Info.plist
› Preparing @react-native-firebase/remote-config Pods/FirebaseRemoteConfig » FirebaseRemoteConfig-Info.plist
› Preparing react-native Pods/React-rendererdebug » React-rendererdebug-Info.plist
› Preparing react-native Pods/React-jsinspectortracing » React-jsinspectortracing-Info.plist
› Preparing react-native Pods/React-featureflags » React-featureflags-Info.plist
› Preparing react-native Pods/React-jsinspector » React-jsinspector-Info.plist
› Preparing react-native Pods/React-cxxreact » React-cxxreact-Info.plist
    Run script build phase 'Create Symlinks to Header Folders' will be run during every build because it does not specify any outputs. To address this issue, either add output dependencies to the script phase, or configure it to run in every build by unchecking "Based on dependency analysis" in the script phase. (in target 'React-jsitooling' from project 'Pods')
› Executing react-native Pods/React-jsitooling » Create Symlinks to Header Folders
› Executing react-native Pods/React-performancetimeline » Create Symlinks to Header Folders
› Preparing react-native Pods/React-jsiexecutor » React-jsiexecutor-Info.plist
› Preparing react-native Pods/React-hermes » React-hermes-Info.plist
› Preparing react-native Pods/React-jsitooling » React-jsitooling-Info.plist
› Preparing react-native Pods/React-performancetimeline » React-performancetimeline-Info.plist
› Executing react-native Pods/React-utils » Create Symlinks to Header Folders
› Preparing react-native Pods/React-utils » React-utils-Info.plist
    Run script build phase 'Create Symlinks to Header Folders' will be run during every build because it does not specify any outputs. To address this issue, either add output dependencies to the script phase, or configure it to run in every build by unchecking "Based on dependency analysis" in the script phase. (in target 'ReactCommon' from project 'Pods')
› Executing react-native Pods/ReactCommon » Create Symlinks to Header Folders
› Executing react-native Pods/React-runtimescheduler » Create Symlinks to Header Folders
› Executing react-native Pods/React-renderercss » Create Symlinks to Header Folders
› Executing react-native Pods/React-graphics » Create Symlinks to Header Folders
› Preparing react-native Pods/ReactCommon » ReactCommon-Info.plist
› Preparing react-native Pods/React-graphics » React-graphics-Info.plist
› Preparing react-native Pods/React-runtimescheduler » React-runtimescheduler-Info.plist
› Executing react-native Pods/React-jserrorhandler » Create Symlinks to Header Folders
› Preparing react-native Pods/React-renderercss » React-renderercss-Info.plist
› Preparing react-native Pods/React-Core » React-Core-Info.plist
› Preparing react-native Pods/React-jserrorhandler » React-jserrorhandler-Info.plist
    Run script build phase 'Create Symlinks to Header Folders' will be run during every build because it does not specify any outputs. To address this issue, either add output dependencies to the script phase, or configure it to run in every build by unchecking "Based on dependency analysis" in the script phase. (in target 'React-NativeModulesApple' from project 'Pods')
› Executing react-native Pods/React-NativeModulesApple » Create Symlinks to Header Folders
› Preparing react-native Pods/React-RCTText » React-RCTText-Info.plist
› Preparing react-native Pods/RCTTypeSafety » RCTTypeSafety-Info.plist
› Preparing @react-native-firebase/app Pods/RNFBApp » RNFBApp-Info.plist
› Executing react-native Pods/React-Fabric » [CP-User] [RN]Check rncore
› Preparing @react-native-firebase/remote-config Pods/RNFBRemoteConfig » RNFBRemoteConfig-Info.plist
› Preparing react-native Pods/React-NativeModulesApple » React-NativeModulesApple-Info.plist
› Executing react-native Pods/React-RCTFBReactNativeSpec » [CP-User] [RN]Check FBReactNativeSpec
› Executing react-native Pods/React-Fabric » Create Symlinks to Header Folders
› Preparing react-native Pods/React-RCTFBReactNativeSpec » React-RCTFBReactNativeSpec-Info.plist
› Preparing react-native Pods/React-Fabric » React-Fabric-Info.plist
    Run script build phase 'Create Symlinks to Header Folders' will be run during every build because it does not specify any outputs. To address this issue, either add output dependencies to the script phase, or configure it to run in every build by unchecking "Based on dependency analysis" in the script phase. (in target 'React-microtasksnativemodule' from project 'Pods')
› Executing react-native Pods/React-microtasksnativemodule » Create Symlinks to Header Folders
› Executing react-native Pods/React-idlecallbacksnativemodule » Create Symlinks to Header Folders
› Executing react-native Pods/React-featureflagsnativemodule » Create Symlinks to Header Folders
› Preparing react-native Pods/React-RCTVibration » React-RCTVibration-Info.plist
› Preparing react-native Pods/React-RCTLinking » React-RCTLinking-Info.plist
› Preparing react-native Pods/React-RCTSettings » React-RCTSettings-Info.plist
› Preparing react-native Pods/React-RCTNetwork » React-RCTNetwork-Info.plist
› Preparing react-native Pods/React-RCTAnimation » React-RCTAnimation-Info.plist
› Executing react-native Pods/React-RuntimeCore » Create Symlinks to Header Folders
› Executing react-native Pods/React-ImageManager » Create Symlinks to Header Folders
› Executing react-native Pods/React-FabricComponents » [CP-User] [RN]Check rncore
› Preparing react-native Pods/React-microtasksnativemodule » React-microtasksnativemodule-Info.plist
› Preparing react-native Pods/React-idlecallbacksnativemodule » React-idlecallbacksnativemodule-Info.plist
› Preparing react-native Pods/React-featureflagsnativemodule » React-featureflagsnativemodule-Info.plist
› Preparing react-native Pods/React-RCTImage » React-RCTImage-Info.plist
› Preparing react-native Pods/React-RCTBlob » React-RCTBlob-Info.plist
› Preparing react-native Pods/React-RuntimeCore » React-RuntimeCore-Info.plist
› Executing react-native Pods/React-FabricComponents » Create Symlinks to Header Folders
› Executing react-native Pods/React-RuntimeHermes » Create Symlinks to Header Folders
› Preparing react-native Pods/React-ImageManager » React-ImageManager-Info.plist
› Preparing react-native Pods/React-CoreModules » React-CoreModules-Info.plist
› Preparing react-native Pods/React-FabricComponents » React-FabricComponents-Info.plist
› Executing react-native Pods/React-FabricImage » Create Symlinks to Header Folders
› Executing react-native Pods/React-domnativemodule » Create Symlinks to Header Folders
› Preparing react-native Pods/React-RuntimeHermes » React-RuntimeHermes-Info.plist
› Preparing react-native Pods/React-FabricImage » React-FabricImage-Info.plist
› Preparing react-native Pods/React-domnativemodule » React-domnativemodule-Info.plist
› Preparing react-native Pods/React-RCTFabric » React-RCTFabric-Info.plist
› Executing react-native Pods/React-defaultsnativemodule » Create Symlinks to Header Folders
› Executing react-native Pods/React-RuntimeApple » Create Symlinks to Header Folders
› Preparing react-native Pods/React-defaultsnativemodule » React-defaultsnativemodule-Info.plist
› Preparing react-native Pods/React-RuntimeApple » React-RuntimeApple-Info.plist
    Run script build phase 'Create Symlinks to Header Folders' will be run during every build because it does not specify any outputs. To address this issue, either add output dependencies to the script phase, or configure it to run in every build by unchecking "Based on dependency analysis" in the script phase. (in target 'React-RCTRuntime' from project 'Pods')
› Executing react-native Pods/React-RCTRuntime » Create Symlinks to Header Folders
› Preparing react-native Pods/React-RCTRuntime » React-RCTRuntime-Info.plist
› Preparing react-native Pods/React-RCTAppDelegate » React-RCTAppDelegate-Info.plist
    Run script build phase 'Create Symlinks to Header Folders' will be run during every build because it does not specify any outputs. To address this issue, either add output dependencies to the script phase, or configure it to run in every build by unchecking "Based on dependency analysis" in the script phase. (in target 'ReactCodegen' from project 'Pods')
› Compiling sparksapp Pods/ReactCodegen » rnscreens-generated.mm
› Compiling sparksapp Pods/ReactCodegen » ComponentDescriptors.cpp
› Compiling sparksapp Pods/ReactCodegen » RCTModuleProviders.mm
› Compiling sparksapp Pods/ReactCodegen » RCTModulesConformingToProtocolsProvider.mm
› Compiling sparksapp Pods/ReactCodegen » Props.cpp
› Compiling sparksapp Pods/ReactCodegen » Props.cpp
› Compiling sparksapp Pods/ReactCodegen » Props.cpp
› Compiling sparksapp Pods/ReactCodegen » Props.cpp
› Compiling sparksapp Pods/ReactCodegen » Props.cpp
› Compiling sparksapp Pods/ReactCodegen » safeareacontextJSI-generated.cpp
› Compiling sparksapp Pods/ReactCodegen » safeareacontext-generated.mm
› Compiling sparksapp Pods/ReactCodegen » rnviewshotJSI-generated.cpp
› Compiling sparksapp Pods/ReactCodegen » rnviewshot-generated.mm
› Compiling sparksapp Pods/ReactCodegen » rnsvgJSI-generated.cpp
› Compiling sparksapp Pods/ReactCodegen » rnsvg-generated.mm
› Compiling sparksapp Pods/ReactCodegen » rnscreensJSI-generated.cpp
› Compiling sparksapp Pods/ReactCodegen » rngesturehandler_codegenJSI-generated.cpp
› Compiling sparksapp Pods/ReactCodegen » rngesturehandler_codegen-generated.mm
› Compiling sparksapp Pods/ReactCodegen » rnasyncstorageJSI-generated.cpp
› Compiling sparksapp Pods/ReactCodegen » rnasyncstorage-generated.mm
› Compiling sparksapp Pods/ReactCodegen » expo-media-libraryJSI-generated.cpp
› Compiling sparksapp Pods/ReactCodegen » expo-media-library-generated.mm

⚠️  (ios/build/generated/ios/expo-media-library/expo-media-library.h:19:13)

  17 | 
  18 | // Avoid multiple includes of expo-media-library symbols
> 19 | #ifndef expo-media-library_H
     |             ^ extra tokens at end of #ifndef directive [-Wextra-tokens]
  20 | #define expo-media-library_H
  21 | 
  22 | #import <Foundation/Foundation.h>


⚠️  (ios/build/generated/ios/expo-media-library/expo-media-library.h:20:13)

  18 | // Avoid multiple includes of expo-media-library symbols
  19 | #ifndef expo-media-library_H
> 20 | #define expo-media-library_H
     |             ^ ISO C99 requires whitespace after the macro name [-Wc99-extensions]
  21 | 
  22 | #import <Foundation/Foundation.h>
  23 | #import <RCTRequired/RCTRequired.h>

› Compiling sparksapp Pods/ReactCodegen » States.cpp
› Compiling sparksapp Pods/ReactCodegen » States.cpp
› Compiling sparksapp Pods/ReactCodegen » States.cpp
› Compiling sparksapp Pods/ReactCodegen » States.cpp
› Compiling sparksapp Pods/ReactCodegen » States.cpp
› Compiling sparksapp Pods/ReactCodegen » States.cpp
› Compiling sparksapp Pods/ReactCodegen » States.cpp
› Compiling sparksapp Pods/ReactCodegen » ShadowNodes.cpp
› Compiling sparksapp Pods/ReactCodegen » ShadowNodes.cpp
› Compiling sparksapp Pods/ReactCodegen » ShadowNodes.cpp
› Compiling sparksapp Pods/ReactCodegen » ShadowNodes.cpp
› Compiling sparksapp Pods/ReactCodegen » ShadowNodes.cpp
› Compiling sparksapp Pods/ReactCodegen » ShadowNodes.cpp
› Compiling sparksapp Pods/ReactCodegen » ShadowNodes.cpp
› Compiling sparksapp Pods/ReactCodegen » RNGoogleSignInCGenJSI-generated.cpp
› Compiling sparksapp Pods/ReactCodegen » RNGoogleSignInCGen-generated.mm
› Compiling sparksapp Pods/ReactCodegen » RNDateTimePickerCGenJSI-generated.cpp
› Compiling sparksapp Pods/ReactCodegen » RNDateTimePickerCGen-generated.mm
› Compiling sparksapp Pods/ReactCodegen » RNCWebViewSpecJSI-generated.cpp
› Compiling sparksapp Pods/ReactCodegen » RNCWebViewSpec-generated.mm
› Compiling sparksapp Pods/ReactCodegen » RCTThirdPartyComponentsProvider.mm
› Compiling sparksapp Pods/ReactCodegen » Props.cpp
› Compiling sparksapp Pods/ReactCodegen » Props.cpp
› Compiling sparksapp Pods/ReactCodegen » EventEmitters.cpp
› Compiling sparksapp Pods/ReactCodegen » EventEmitters.cpp
› Compiling sparksapp Pods/ReactCodegen » EventEmitters.cpp
› Compiling sparksapp Pods/ReactCodegen » EventEmitters.cpp
› Compiling sparksapp Pods/ReactCodegen » EventEmitters.cpp
› Compiling sparksapp Pods/ReactCodegen » EventEmitters.cpp
› Compiling sparksapp Pods/ReactCodegen » EventEmitters.cpp
› Compiling sparksapp Pods/ReactCodegen » ComponentDescriptors.cpp
› Compiling sparksapp Pods/ReactCodegen » ComponentDescriptors.cpp
› Compiling sparksapp Pods/ReactCodegen » ComponentDescriptors.cpp
› Compiling sparksapp Pods/ReactCodegen » ComponentDescriptors.cpp
› Compiling sparksapp Pods/ReactCodegen » ComponentDescriptors.cpp
› Compiling sparksapp Pods/ReactCodegen » ComponentDescriptors.cpp
› Executing sparksapp Pods/ReactCodegen » Create Symlinks to Header Folders
› Compiling react-native-webview Pods/react-native-webview » RNCWebView.mm
› Compiling react-native-view-shot Pods/react-native-view-shot » RNViewShot.mm
› Compiling react-native-screens Pods/RNScreens » RNSConvert.mm
› Compiling react-native-record-screen Pods/react-native-record-screen » RecordScreen.mm

❌  (node_modules/react-native-record-screen/ios/RecordScreen.mm:294:20)

  292 | // Don't compile this code when we build for the old architecture.
  293 | #ifdef RCT_NEW_ARCH_ENABLED
> 294 | - (std::shared_ptr<facebook::react::TurboModule>)getTurboModule:
      |                    ^ use of undeclared identifier 'facebook'
  295 |     (const facebook::react::ObjCTurboModule::InitParams &)params
  296 | {
  297 |     return std::make_shared<facebook::react::NativeRecordScreenSpecJSI>(params);


❌  (node_modules/react-native-record-screen/ios/RecordScreen.mm:295:12)

  293 | #ifdef RCT_NEW_ARCH_ENABLED
  294 | - (std::shared_ptr<facebook::react::TurboModule>)getTurboModule:
> 295 |     (const facebook::react::ObjCTurboModule::InitParams &)params
      |            ^ use of undeclared identifier 'facebook'
  296 | {
  297 |     return std::make_shared<facebook::react::NativeRecordScreenSpecJSI>(params);
  298 | }


❌  (node_modules/react-native-record-screen/ios/RecordScreen.mm:297:29)

  295 |     (const facebook::react::ObjCTurboModule::InitParams &)params
  296 | {
> 297 |     return std::make_shared<facebook::react::NativeRecordScreenSpecJSI>(params);
      |                             ^ use of undeclared identifier 'facebook'
  298 | }
  299 | #endif
  300 | 

› Compiling sparksapp Pods/ReactAppDependencyProvider » RCTAppDependencyProvider.mm
› Compiling react-native-safe-area-context Pods/react-native-safe-area-context » RNCSafeAreaContext.mm
› Compiling react-native-svg Pods/RNSVG » RNSVGCircle.mm
› Compiling @react-native-google-signin/google-signin Pods/RNGoogleSignin » RNGoogleSignin.mm
› Compiling react-native-gesture-handler Pods/RNGestureHandler » RNGestureHandlerButtonComponentView.mm
    Run script build phase '[CP-User] [RNFB] Core Configuration' will be run during every build because it does not specify any outputs. To address this issue, either add output dependencies to the script phase, or configure it to run in every build by unchecking "Based on dependency analysis" in the script phase. (in target 'Sparks' from project 'Sparks')
    Run script build phase 'Create Symlinks to Header Folders' will be run during every build because it does not specify any outputs. To address this issue, either add output dependencies to the script phase, or configure it to run in every build by unchecking "Based on dependency analysis" in the script phase. (in target 'fmt' from project 'Pods')
    Run script build phase 'Create Symlinks to Header Folders' will be run during every build because it does not specify any outputs. To address this issue, either add output dependencies to the script phase, or configure it to run in every build by unchecking "Based on dependency analysis" in the script phase. (in target 'Yoga' from project 'Pods')
    Run script build phase 'Create Symlinks to Header Folders' will be run during every build because it does not specify any outputs. To address this issue, either add output dependencies to the script phase, or configure it to run in every build by unchecking "Based on dependency analysis" in the script phase. (in target 'React-rendererconsistency' from project 'Pods')
    Run script build phase 'Create Symlinks to Header Folders' will be run during every build because it does not specify any outputs. To address this issue, either add output dependencies to the script phase, or configure it to run in every build by unchecking "Based on dependency analysis" in the script phase. (in target 'React-debug' from project 'Pods')
    Run script build phase 'Create Symlinks to Header Folders' will be run during every build because it does not specify any outputs. To address this issue, either add output dependencies to the script phase, or configure it to run in every build by unchecking "Based on dependency analysis" in the script phase. (in target 'React-jsinspectortracing' from project 'Pods')
    Run script build phase 'Create Symlinks to Header Folders' will be run during every build because it does not specify any outputs. To address this issue, either add output dependencies to the script phase, or configure it to run in every build by unchecking "Based on dependency analysis" in the script phase. (in target 'React-featureflags' from project 'Pods')
    Run script build phase 'Create Symlinks to Header Folders' will be run during every build because it does not specify any outputs. To address this issue, either add output dependencies to the script phase, or configure it to run in every build by unchecking "Based on dependency analysis" in the script phase. (in target 'React-performancetimeline' from project 'Pods')
    Run script build phase 'Create Symlinks to Header Folders' will be run during every build because it does not specify any outputs. To address this issue, either add output dependencies to the script phase, or configure it to run in every build by unchecking "Based on dependency analysis" in the script phase. (in target 'React-utils' from project 'Pods')
    Run script build phase 'Create Symlinks to Header Folders' will be run during every build because it does not specify any outputs. To address this issue, either add output dependencies to the script phase, or configure it to run in every build by unchecking "Based on dependency analysis" in the script phase. (in target 'React-runtimescheduler' from project 'Pods')
    Run script build phase 'Create Symlinks to Header Folders' will be run during every build because it does not specify any outputs. To address this issue, either add output dependencies to the script phase, or configure it to run in every build by unchecking "Based on dependency analysis" in the script phase. (in target 'React-renderercss' from project 'Pods')
    Run script build phase 'Create Symlinks to Header Folders' will be run during every build because it does not specify any outputs. To address this issue, either add output dependencies to the script phase, or configure it to run in every build by unchecking "Based on dependency analysis" in the script phase. (in target 'React-graphics' from project 'Pods')
    Run script build phase 'Create Symlinks to Header Folders' will be run during every build because it does not specify any outputs. To address this issue, either add output dependencies to the script phase, or configure it to run in every build by unchecking "Based on dependency analysis" in the script phase. (in target 'React-jserrorhandler' from project 'Pods')
    Run script build phase 'Create Symlinks to Header Folders' will be run during every build because it does not specify any outputs. To address this issue, either add output dependencies to the script phase, or configure it to run in every build by unchecking "Based on dependency analysis" in the script phase. (in target 'React-Fabric' from project 'Pods')
    Run script build phase 'Create Symlinks to Header Folders' will be run during every build because it does not specify any outputs. To address this issue, either add output dependencies to the script phase, or configure it to run in every build by unchecking "Based on dependency analysis" in the script phase. (in target 'React-idlecallbacksnativemodule' from project 'Pods')
    Run script build phase 'Create Symlinks to Header Folders' will be run during every build because it does not specify any outputs. To address this issue, either add output dependencies to the script phase, or configure it to run in every build by unchecking "Based on dependency analysis" in the script phase. (in target 'React-featureflagsnativemodule' from project 'Pods')
    Run script build phase 'Create Symlinks to Header Folders' will be run during every build because it does not specify any outputs. To address this issue, either add output dependencies to the script phase, or configure it to run in every build by unchecking "Based on dependency analysis" in the script phase. (in target 'React-RuntimeCore' from project 'Pods')
    Run script build phase 'Create Symlinks to Header Folders' will be run during every build because it does not specify any outputs. To address this issue, either add output dependencies to the script phase, or configure it to run in every build by unchecking "Based on dependency analysis" in the script phase. (in target 'React-ImageManager' from project 'Pods')
    Run script build phase 'Create Symlinks to Header Folders' will be run during every build because it does not specify any outputs. To address this issue, either add output dependencies to the script phase, or configure it to run in every build by unchecking "Based on dependency analysis" in the script phase. (in target 'React-FabricComponents' from project 'Pods')
    Run script build phase 'Create Symlinks to Header Folders' will be run during every build because it does not specify any outputs. To address this issue, either add output dependencies to the script phase, or configure it to run in every build by unchecking "Based on dependency analysis" in the script phase. (in target 'React-RuntimeHermes' from project 'Pods')
    Run script build phase 'Create Symlinks to Header Folders' will be run during every build because it does not specify any outputs. To address this issue, either add output dependencies to the script phase, or configure it to run in every build by unchecking "Based on dependency analysis" in the script phase. (in target 'React-FabricImage' from project 'Pods')
    Run script build phase 'Create Symlinks to Header Folders' will be run during every build because it does not specify any outputs. To address this issue, either add output dependencies to the script phase, or configure it to run in every build by unchecking "Based on dependency analysis" in the script phase. (in target 'React-domnativemodule' from project 'Pods')
    Run script build phase 'Create Symlinks to Header Folders' will be run during every build because it does not specify any outputs. To address this issue, either add output dependencies to the script phase, or configure it to run in every build by unchecking "Based on dependency analysis" in the script phase. (in target 'React-defaultsnativemodule' from project 'Pods')
    Run script build phase 'Create Symlinks to Header Folders' will be run during every build because it does not specify any outputs. To address this issue, either add output dependencies to the script phase, or configure it to run in every build by unchecking "Based on dependency analysis" in the script phase. (in target 'React-RuntimeApple' from project 'Pods')

› 3 error(s), and 36 warning(s)

CommandError: Failed to build iOS project. "xcodebuild" exited with error code 65.
